Routing tables

Internet:
Destination        Gateway            Flags     Netif Expire
default            10.0.2.2           UGS         em0
10.0.2.0/24        link#1             U           em0
10.0.2.15          link#1             UHS         lo0
getmac-freebsd     link#2             UH          lo0

Internet6:
Destination        Gateway            Flags     Netif Expire
::/96              localhost          UGRS        lo0
localhost          link#2             UH          lo0
::ffff:0.0.0.0/96  localhost          UGRS        lo0
fe80::/10          localhost          UGRS        lo0
fe80::%lo0/64      link#2             U           lo0
fe80::1%lo0        link#2             UHS         lo0
ff02::/16          localhost          UGRS        lo0