ARPING 192.168.16.254 from 192.168.16.42 ens33
Unicast reply from 192.168.16.254 [00:50:56:E8:32:3C]  7.521ms
Sent 1 probes (1 broadcast(s))
Received 1 response(s)
