Iface	Destination	Gateway 	Flags	RefCnt	Use	Metric	Mask		MTU	Window	IRTT                                                       
ens33	00000000	0210A8C0	0003	0	0	100	00000000	0	0	0                                                                            
ens33	0000FEA9	00000000	0001	0	0	1000	0000FFFF	0	0	0                                                                           
docker0	000011AC	00000000	0001	0	0	0	0000FFFF	0	0	0                                                                            
ens33	0010A8C0	00000000	0001	0	0	100	00FFFFFF	0	0	0                                                                            
ens34	005FA8C0	00000000	0001	0	0	101	00FFFFFF	0	0	0                                                                            
