? (192.168.16.254) at 00:50:56:e1:2f:51 [ether] on ens33
? (192.168.16.2) at 00:50:56:f1:4c:50 [ether] on ens33
