IP address       HW type     Flags       HW address            Mask     Device
192.168.16.254   0x1         0x2         00:50:56:e1:2f:51     *        ens33
192.168.16.2     0x1         0x2         00:50:56:f1:4c:50     *        ens33
