192.168.16.254 dev ens33 lladdr 00:50:56:e1:2f:51 STALE
192.168.16.2 dev ens33 lladdr 00:50:56:f1:4c:50 REACHABLE
