ens33: flags=4163<UP,BROADCAST,RUNNING,MULTICAST>  mtu 1500
        inet 192.168.16.129  netmask 255.255.255.0  broadcast 192.168.16.255
        inet6 fe80::830:deaa:bcf5:d965  prefixlen 64  scopeid 0x20<link>
        ether 00:0c:29:b5:72:37  txqueuelen 1000  (Ethernet)
        RX packets 1048503  bytes 1517300382 (1.5 GB)
        RX errors 0  dropped 0  overruns 0  frame 0
        TX packets 282411  bytes 22139680 (22.1 MB)
        TX errors 0  dropped 0 overruns 0  carrier 0  collisions 0

