docker0: flags=4099<UP,BROADCAST,MULTICAST>  mtu 1500
        inet 172.17.0.1  netmask 255.255.0.0  broadcast 172.17.255.255
        ether 02:42:33:bf:3e:40  txqueuelen 0  (Ethernet)
        RX packets 0  bytes 0 (0.0 B)
        RX errors 0  dropped 0  overruns 0  frame 0
        TX packets 0  bytes 0 (0.0 B)
        TX errors 0  dropped 0 overruns 0  carrier 0  collisions 0

ens33: flags=4163<UP,BROADCAST,RUNNING,MULTICAST>  mtu 1500
        inet 192.168.16.129  netmask 255.255.255.0  broadcast 192.168.16.255
        inet6 fe80::830:deaa:bcf5:d965  prefixlen 64  scopeid 0x20<link>
        ether 00:0c:29:b5:72:37  txqueuelen 1000  (Ethernet)
        RX packets 1048476  bytes 1517297592 (1.5 GB)
        RX errors 0  dropped 0  overruns 0  frame 0
        TX packets 282398  bytes 22138690 (22.1 MB)
        TX errors 0  dropped 0 overruns 0  carrier 0  collisions 0

lo: flags=73<UP,LOOPBACK,RUNNING>  mtu 65536
        inet 127.0.0.1  netmask 255.0.0.0
        inet6 ::1  prefixlen 128  scopeid 0x10<host>
        loop  txqueuelen 1000  (Local Loopback)
        RX packets 8483  bytes 789209 (789.2 KB)
        RX errors 0  dropped 0  overruns 0  frame 0
        TX packets 8483  bytes 789209 (789.2 KB)
        TX errors 0  dropped 0 overruns 0  carrier 0  collisions 0

