192.168.16.2 dev ens33 lladdr 00:50:56:f1:4c:50 DELAY
