
Ethernet        Killer E2200 Gi 74-D4-35-E9-45-73   Media disconnected
Ethernet 2      Intel(R) Ethern 74-D4-35-E9-45-71   \Device\Tcpip_{3BE773AE-DC23-4526-AEE9-6AB6C5346119}
Ethernet 3      Xbox Wireless A 62-45-B4-EB-44-79   N/A
Ethernet 4      TAP-Windows Ada 00-FF-17-15-F8-C8   Media disconnected
VMware Network  VMware Virtual  00-50-56-C0-00-01   \Device\Tcpip_{FA9D6581-A7E7-4D99-91C8-DEF29F2EA807}
VMware Network  VMware Virtual  00-50-56-C0-00-08   \Device\Tcpip_{E4E0E83D-B56D-4849-8AA1-9B9AAD78CFFB}