lo0: flags=8049<UP,LOOPBACK,RUNNING,MULTICAST> mtu 32768
        index 3 priority 0 llprio 3
        groups: lo
        inet6 ::1 prefixlen 128
        inet6 fe80::1%lo0 prefixlen 64 scopeid 0x3
        inet 127.0.0.1 netmask 0xff000000
em0: flags=8843<UP,BROADCAST,RUNNING,SIMPLEX,MULTICAST> mtu 1500
        lladdr 08:00:27:18:64:56
        index 1 priority 0 llprio 3
        groups: egress
        media: Ethernet autoselect (1000baseT full-duplex)
        status: active
        inet 10.0.2.15 netmask 0xffffff00 broadcast 10.0.2.255
enc0: flags=0<>
        index 2 priority 0 llprio 3
        groups: enc
        status: active
pflog0: flags=141<UP,RUNNING,PROMISC> mtu 33136
        index 4 priority 0 llprio 3
        groups: pflog