Routing tables

Internet:
Destination        Gateway            Flags   Refs      Use   Mtu  Prio Iface
10.0.2.255         10.0.2.15          UHb        0        0     -     1 em0
127.0.0.1          127.0.0.1          UHhl       1        2 32768     1 lo0