Testing Docutils 0.16b.dev with Python 3.7.3 on 2019-12-03 at 22:32:46
OS: Linux 5.0.0-36-generic #39-Ubuntu SMP Tue Nov 12 09:46:06 UTC 2019 (linux, Linux-5.0.0-36-generic-x86_64-with-Ubuntu-19.04-disco)
Working directory: /home/engelbert/projects/docutils-code/docutils/test
Docutils package: /home/engelbert/projects/docutils-code/docutils/docutils
................................................................................................................................................................................................................................................................................................................................................................................................................................................................................................................................................................................................................................................................................................................................................................................................................................................................................................................................................................................................................................................................................................................................................................................................................................................................................................................................................................................................................................................................
----------------------------------------------------------------------
Ran 1408 tests in 5.972s

OK
Elapsed time: 6.491 seconds
